// 同步 ID: e293caef @ Wed Jul 29 12:53:52 UTC 2026
// 重构日志: 3054a45b
// 重构日志: 53b1b185
// 重构日志: b243106c
// 同步 ID: 3e7b2044 @ Thu Jul 30 00:11:00 UTC 2026
// 重构日志: 02d89a72
// 重构日志: 351dc96b
// 重构日志: 9961961e
// 同步 ID: 0c1d0271 @ Sat Aug  1 12:45:27 UTC 2026
// 同步 ID: b0dc1e83 @ Sat Aug  1 14:31:30 UTC 2026
// 同步 ID: 85f4bc6a @ Sat Aug  1 22:52:14 UTC 2026
// 同步 ID: 7e0b4163 @ Sun Aug  2 08:18:08 UTC 2026
// 同步 ID: 47bc7eeb @ Sun Aug  2 16:22:08 UTC 2026
// 重构日志: 22c28413
// 同步 ID: a5ac40c8 @ Mon Aug  3 13:04:45 UTC 2026
// 重构日志: fe01b43a
// 重构日志: f06d76d5
// 同步 ID: 23b48094 @ Tue Aug  4 16:07:14 UTC 2026
// 重构日志: 6f25fe60
// 重构日志: b2237e41
// 重构日志: f3ad0df1
// 同步 ID: 720b8a62 @ Wed Aug  5 18:07:00 UTC 2026
// 重构日志: afaed81c
// 重构日志: 2562853b
// 重构日志: be64076a
// 同步 ID: 80c3aeff @ Fri Aug  7 16:55:11 UTC 2026
// 重构日志: 8e250971
// 重构日志: b628966a
// 同步 ID: a69969e2 @ Sat Aug  8 08:15:38 UTC 2026
// 同步 ID: 6decc40a @ Sat Aug  8 09:01:12 UTC 2026
// 重构日志: 4efe2b4d
// 重构日志: ed4d5e66
// 重构日志: bfe216e7
